Component: ARM Compiler 5.06 update 4 (build 422) Tool: armlink [4d35d2]

==============================================================================

Section Cross References

    main.o(.text) refers to init.o(.text) for InitAll
    main.o(.text) refers to gpio.o(.text) for GPIO_Get
    main.o(.text) refers to adc.o(.text) for ADC_Once
    main.o(.text) refers to ftm.o(.text) for FTM_PWM_Duty
    main.o(.text) refers to main.o(.data) for PORT_Statu
    init.o(.text) refers to irq.o(.text) for IRQ_External_Interrupt_Init
    init.o(.text) refers to pit.o(.text) for PIT_Init
    init.o(.text) refers to rt_memcpy.o(.text) for __aeabi_memcpy
    init.o(.text) refers to ics.o(.text) for FLL_Iint
    init.o(.text) refers to ftm.o(.text) for FTM_PWM_Init
    init.o(.text) refers to adc.o(.text) for ADC_Init
    init.o(.text) refers to acmp.o(.text) for ACMP_DAC_Init
    init.o(.text) refers to gpio.o(.text) for GPIO_Init
    init.o(.text) refers to ics.o(.data) for FLL_Div_CFG
    isr.o(.text) refers to gpio.o(.text) for GPIO_Turn
    acmp.o(.text) refers to conf.o(.text) for assert_failed
    acmp.o(.text) refers to acmp.o(.data) for ACMP
    adc.o(.text) refers to conf.o(.text) for assert_failed
    adc.o(.text) refers to aeabi_sdiv.o(.text) for __aeabi_uidivmod
    adc.o(.text) refers to adc.o(.data) for ADC_ADC0
    delay.o(.text) refers to ics.o(.data) for KEA_Core_FLL_CLK_MHz
    ftm.o(.text) refers to ftm.o(i.__ARM_common_switch8) for __ARM_common_switch8
    ftm.o(.text) refers to conf.o(.text) for assert_failed
    ftm.o(.text) refers to aeabi_sdiv.o(.text) for __aeabi_uidivmod
    ftm.o(.text) refers to ics.o(.data) for KEA_Tim_CLK_KHz
    ftm.o(.text) refers to ftm.o(.data) for FTMN
    gpio.o(.text) refers to conf.o(.text) for assert_failed
    gpio.o(.text) refers to gpio.o(.data) for GPIOX
    i2c.o(.text) refers to aeabi_sdiv.o(.text) for __aeabi_uidivmod
    i2c.o(.text) refers to rt_memcpy.o(.emb_text) for __aeabi_memcpy4
    i2c.o(.text) refers to conf.o(.text) for assert_failed
    i2c.o(.text) refers to ics.o(.data) for KEA_Bus_CLK_KHz
    i2c.o(.text) refers to i2c.o(.constdata) for .constdata
    i2c.o(.text) refers to i2c.o(.data) for I2CN
    ics.o(.text) refers to conf.o(.text) for assert_failed
    ics.o(.text) refers to ics.o(.data) for KEA_Core_FLL_CLK_MHz
    irq.o(.text) refers to conf.o(.text) for assert_failed
    irq.o(.text) refers to ftm.o(i.__ARM_common_switch8) for __ARM_common_switch8
    pit.o(.text) refers to conf.o(.text) for assert_failed
    pwt.o(.text) refers to conf.o(.text) for assert_failed
    spi.o(.text) refers to rt_memcpy.o(.emb_text) for __aeabi_memcpy4
    spi.o(.text) refers to aeabi_sdiv.o(.text) for __aeabi_uidivmod
    spi.o(.text) refers to conf.o(.text) for assert_failed
    spi.o(.text) refers to spi.o(.constdata) for .constdata
    spi.o(.text) refers to ics.o(.data) for KEA_Bus_CLK_KHz
    spi.o(.text) refers to spi.o(.data) for SPIN
    uart.o(.text) refers to conf.o(.text) for assert_failed
    uart.o(.text) refers to aeabi_sdiv.o(.text) for __aeabi_uidivmod
    uart.o(.text) refers to uart.o(.data) for UARTN
    uart.o(.text) refers to ics.o(.data) for KEA_Bus_CLK_KHz
    startup_skeaz1284.o(STACK) refers (Special) to heapauxi.o(.text) for __use_two_region_memory
    startup_skeaz1284.o(HEAP) refers (Special) to heapauxi.o(.text) for __use_two_region_memory
    startup_skeaz1284.o(RESET) refers (Special) to heapauxi.o(.text) for __use_two_region_memory
    startup_skeaz1284.o(RESET) refers to startup_skeaz1284.o(STACK) for __initial_sp
    startup_skeaz1284.o(RESET) refers to startup_skeaz1284.o(.text) for Reset_Handler
    startup_skeaz1284.o(RESET) refers to isr.o(.text) for IRQ_IRQHandler
    startup_skeaz1284.o(.ARM.__at_0x400) refers (Special) to heapauxi.o(.text) for __use_two_region_memory
    startup_skeaz1284.o(.text) refers (Special) to heapauxi.o(.text) for __use_two_region_memory
    startup_skeaz1284.o(.text) refers to system_skeaz1284.o(.text) for SystemInit
    startup_skeaz1284.o(.text) refers to __main.o(!!!main) for __main
    startup_skeaz1284.o(.text) refers to startup_skeaz1284.o(HEAP) for Heap_Mem
    startup_skeaz1284.o(.text) refers to startup_skeaz1284.o(STACK) for Stack_Mem
    system_skeaz1284.o(.text) refers to aeabi_sdiv.o(.text) for __aeabi_uidivmod
    system_skeaz1284.o(.text) refers to system_skeaz1284.o(.data) for SystemCoreClock
    rt_memcpy.o(.text) refers to rt_memcpy.o(.emb_text) for __aeabi_memcpy4
    __main.o(!!!main) refers to __rtentry.o(.ARM.Collect$$rtentry$$00000000) for __rt_entry
    __rtentry.o(.ARM.Collect$$rtentry$$00000000) refers (Special) to __rtentry2.o(.ARM.Collect$$rtentry$$0000000A) for __rt_entry_li
    __rtentry.o(.ARM.Collect$$rtentry$$00000000) refers (Special) to __rtentry2.o(.ARM.Collect$$rtentry$$0000000D) for __rt_entry_main
    __rtentry.o(.ARM.Collect$$rtentry$$00000000) refers (Special) to __rtentry2.o(.ARM.Collect$$rtentry$$0000000C) for __rt_entry_postli_1
    __rtentry.o(.ARM.Collect$$rtentry$$00000000) refers (Special) to __rtentry2.o(.ARM.Collect$$rtentry$$00000009) for __rt_entry_postsh_1
    __rtentry.o(.ARM.Collect$$rtentry$$00000000) refers (Special) to __rtentry2.o(.ARM.Collect$$rtentry$$00000002) for __rt_entry_presh_1
    __rtentry.o(.ARM.Collect$$rtentry$$00000000) refers (Special) to __rtentry4.o(.ARM.Collect$$rtentry$$00000004) for __rt_entry_sh
    aeabi_idiv0_sigfpe.o(.text) refers to rt_div0.o(.text) for __rt_div0
    __rtentry2.o(.ARM.Collect$$rtentry$$00000008) refers to boardinit2.o(.text) for _platform_post_stackheap_init
    __rtentry2.o(.ARM.Collect$$rtentry$$0000000A) refers to libinit.o(.ARM.Collect$$libinit$$00000000) for __rt_lib_init
    __rtentry2.o(.ARM.Collect$$rtentry$$0000000B) refers to boardinit3.o(.text) for _platform_post_lib_init
    __rtentry2.o(.ARM.Collect$$rtentry$$0000000D) refers to main.o(.text) for main
    __rtentry2.o(.ARM.Collect$$rtentry$$0000000D) refers to exit.o(.text) for exit
    __rtentry2.o(.ARM.exidx) refers to __rtentry2.o(.ARM.Collect$$rtentry$$00000001) for .ARM.Collect$$rtentry$$00000001
    __rtentry2.o(.ARM.exidx) refers to __rtentry2.o(.ARM.Collect$$rtentry$$00000008) for .ARM.Collect$$rtentry$$00000008
    __rtentry2.o(.ARM.exidx) refers to __rtentry2.o(.ARM.Collect$$rtentry$$0000000A) for .ARM.Collect$$rtentry$$0000000A
    __rtentry2.o(.ARM.exidx) refers to __rtentry2.o(.ARM.Collect$$rtentry$$0000000B) for .ARM.Collect$$rtentry$$0000000B
    __rtentry2.o(.ARM.exidx) refers to __rtentry2.o(.ARM.Collect$$rtentry$$0000000D) for .ARM.Collect$$rtentry$$0000000D
    __rtentry4.o(.ARM.Collect$$rtentry$$00000004) refers to sys_stackheap_outer.o(.text) for __user_setup_stackheap
    __rtentry4.o(.ARM.exidx) refers to __rtentry4.o(.ARM.Collect$$rtentry$$00000004) for .ARM.Collect$$rtentry$$00000004
    rt_div0.o(.text) refers to defsig_fpe_outer.o(.text) for __rt_SIGFPE
    sys_stackheap_outer.o(.text) refers to libspace.o(.text) for __user_perproc_libspace
    sys_stackheap_outer.o(.text) refers to startup_skeaz1284.o(.text) for __user_initial_stackheap
    sys_stackheap_outer.o(__vectab_stack_and_reset_area) refers to tempstk.o(.text) for __temporary_stack_top
    sys_stackheap_outer.o(__vectab_stack_and_reset_area) refers to __main.o(!!!main) for __main
    exit.o(.text) refers to rtexit.o(.ARM.Collect$$rtexit$$00000000) for __rt_exit
    defsig_fpe_outer.o(.text) refers to defsig_fpe_inner.o(.text) for __rt_SIGFPE_inner
    defsig_fpe_outer.o(.text) refers to defsig_exit.o(.text) for __sig_exit
    defsig_fpe_formal.o(.text) refers to rt_raise.o(.text) for __rt_raise
    libinit.o(.ARM.Collect$$libinit$$00000000) refers (Special) to libinit2.o(.ARM.Collect$$libinit$$0000002E) for __rt_lib_init_alloca_1
    libinit.o(.ARM.Collect$$libinit$$00000000) refers (Special) to libinit2.o(.ARM.Collect$$libinit$$0000002C) for __rt_lib_init_argv_1
    libinit.o(.ARM.Collect$$libinit$$00000000) refers (Special) to libinit2.o(.ARM.Collect$$libinit$$0000001B) for __rt_lib_init_atexit_1
    libinit.o(.ARM.Collect$$libinit$$00000000) refers (Special) to libinit2.o(.ARM.Collect$$libinit$$00000021) for __rt_lib_init_clock_1
    libinit.o(.ARM.Collect$$libinit$$00000000) refers (Special) to libinit2.o(.ARM.Collect$$libinit$$00000032) for __rt_lib_init_cpp_1
    libinit.o(.ARM.Collect$$libinit$$00000000) refers (Special) to libinit2.o(.ARM.Collect$$libinit$$00000030) for __rt_lib_init_exceptions_1
    libinit.o(.ARM.Collect$$libinit$$00000000) refers (Special) to libinit2.o(.ARM.Collect$$libinit$$00000002) for __rt_lib_init_fp_1
    libinit.o(.ARM.Collect$$libinit$$00000000) refers (Special) to libinit2.o(.ARM.Collect$$libinit$$0000001F) for __rt_lib_init_fp_trap_1
    libinit.o(.ARM.Collect$$libinit$$00000000) refers (Special) to libinit2.o(.ARM.Collect$$libinit$$00000023) for __rt_lib_init_getenv_1
    libinit.o(.ARM.Collect$$libinit$$00000000) refers (Special) to libinit2.o(.ARM.Collect$$libinit$$0000000A) for __rt_lib_init_heap_1
    libinit.o(.ARM.Collect$$libinit$$00000000) refers (Special) to libinit2.o(.ARM.Collect$$libinit$$00000011) for __rt_lib_init_lc_collate_1
    libinit.o(.ARM.Collect$$libinit$$00000000) refers (Special) to libinit2.o(.ARM.Collect$$libinit$$00000013) for __rt_lib_init_lc_ctype_1
    libinit.o(.ARM.Collect$$libinit$$00000000) refers (Special) to libinit2.o(.ARM.Collect$$libinit$$00000015) for __rt_lib_init_lc_monetary_1
    libinit.o(.ARM.Collect$$libinit$$00000000) refers (Special) to libinit2.o(.ARM.Collect$$libinit$$00000017) for __rt_lib_init_lc_numeric_1
    libinit.o(.ARM.Collect$$libinit$$00000000) refers (Special) to libinit2.o(.ARM.Collect$$libinit$$00000019) for __rt_lib_init_lc_time_1
    libinit.o(.ARM.Collect$$libinit$$00000000) refers (Special) to libinit2.o(.ARM.Collect$$libinit$$00000004) for __rt_lib_init_preinit_1
    libinit.o(.ARM.Collect$$libinit$$00000000) refers (Special) to libinit2.o(.ARM.Collect$$libinit$$0000000E) for __rt_lib_init_rand_1
    libinit.o(.ARM.Collect$$libinit$$00000000) refers (Special) to libinit2.o(.ARM.Collect$$libinit$$00000033) for __rt_lib_init_return
    libinit.o(.ARM.Collect$$libinit$$00000000) refers (Special) to libinit2.o(.ARM.Collect$$libinit$$0000001D) for __rt_lib_init_signal_1
    libinit.o(.ARM.Collect$$libinit$$00000000) refers (Special) to libinit2.o(.ARM.Collect$$libinit$$00000025) for __rt_lib_init_stdio_1
    libinit.o(.ARM.Collect$$libinit$$00000000) refers (Special) to libinit2.o(.ARM.Collect$$libinit$$0000000C) for __rt_lib_init_user_alloc_1
    libspace.o(.text) refers to libspace.o(.bss) for __libspace_start
    rtexit.o(.ARM.Collect$$rtexit$$00000000) refers (Special) to rtexit2.o(.ARM.Collect$$rtexit$$00000004) for __rt_exit_exit
    rtexit.o(.ARM.Collect$$rtexit$$00000000) refers (Special) to rtexit2.o(.ARM.Collect$$rtexit$$00000003) for __rt_exit_ls
    rtexit.o(.ARM.Collect$$rtexit$$00000000) refers (Special) to rtexit2.o(.ARM.Collect$$rtexit$$00000002) for __rt_exit_prels_1
    rtexit.o(.ARM.exidx) refers (Special) to rtexit2.o(.ARM.Collect$$rtexit$$00000004) for __rt_exit_exit
    rtexit.o(.ARM.exidx) refers (Special) to rtexit2.o(.ARM.Collect$$rtexit$$00000003) for __rt_exit_ls
    rtexit.o(.ARM.exidx) refers (Special) to rtexit2.o(.ARM.Collect$$rtexit$$00000002) for __rt_exit_prels_1
    rtexit.o(.ARM.exidx) refers to rtexit.o(.ARM.Collect$$rtexit$$00000000) for .ARM.Collect$$rtexit$$00000000
    rt_raise.o(.text) refers to __raise.o(.text) for __raise
    rt_raise.o(.text) refers to sys_exit.o(.text) for _sys_exit
    defsig_exit.o(.text) refers to sys_exit.o(.text) for _sys_exit
    defsig_fpe_inner.o(.text) refers to defsig_general.o(.text) for __default_signal_display
    libinit2.o(.ARM.Collect$$libinit$$00000010) refers to libinit2.o(.ARM.Collect$$libinit$$0000000F) for .ARM.Collect$$libinit$$0000000F
    libinit2.o(.ARM.Collect$$libinit$$00000012) refers to libinit2.o(.ARM.Collect$$libinit$$0000000F) for .ARM.Collect$$libinit$$0000000F
    libinit2.o(.ARM.Collect$$libinit$$00000014) refers to libinit2.o(.ARM.Collect$$libinit$$0000000F) for .ARM.Collect$$libinit$$0000000F
    libinit2.o(.ARM.Collect$$libinit$$00000016) refers to libinit2.o(.ARM.Collect$$libinit$$0000000F) for .ARM.Collect$$libinit$$0000000F
    libinit2.o(.ARM.Collect$$libinit$$00000018) refers to libinit2.o(.ARM.Collect$$libinit$$0000000F) for .ARM.Collect$$libinit$$0000000F
    libinit2.o(.ARM.Collect$$libinit$$00000026) refers to argv_veneer.o(.text) for __ARM_argv_veneer
    libinit2.o(.ARM.Collect$$libinit$$00000027) refers to argv_veneer.o(.text) for __ARM_argv_veneer
    sys_exit.o(.text) refers (Special) to use_no_semi.o(.text) for __I$use$semihosting
    sys_exit.o(.text) refers (Special) to indicate_semi.o(.text) for __semihosting_library_function
    rtexit2.o(.ARM.Collect$$rtexit$$00000003) refers to libshutdown.o(.ARM.Collect$$libshutdown$$00000000) for __rt_lib_shutdown
    rtexit2.o(.ARM.Collect$$rtexit$$00000004) refers to sys_exit.o(.text) for _sys_exit
    rtexit2.o(.ARM.exidx) refers to rtexit2.o(.ARM.Collect$$rtexit$$00000001) for .ARM.Collect$$rtexit$$00000001
    rtexit2.o(.ARM.exidx) refers to rtexit2.o(.ARM.Collect$$rtexit$$00000003) for .ARM.Collect$$rtexit$$00000003
    rtexit2.o(.ARM.exidx) refers to rtexit2.o(.ARM.Collect$$rtexit$$00000004) for .ARM.Collect$$rtexit$$00000004
    __raise.o(.text) refers to defsig.o(CL$$defsig) for __default_signal_handler
    defsig_general.o(.text) refers to sys_wrch.o(.text) for _ttywrch
    sys_wrch.o(.text) refers (Special) to use_no_semi.o(.text) for __I$use$semihosting
    sys_wrch.o(.text) refers (Special) to indicate_semi.o(.text) for __semihosting_library_function
    defsig.o(CL$$defsig) refers to defsig_fpe_inner.o(.text) for __rt_SIGFPE_inner
    defsig.o(CL$$defsig) refers to defsig_rtmem_inner.o(.text) for __rt_SIGRTMEM_inner
    _get_argv_nomalloc.o(.text) refers (Special) to hrguard.o(.text) for __heap_region$guard
    _get_argv_nomalloc.o(.text) refers to defsig_rtmem_outer.o(.text) for __rt_SIGRTMEM
    _get_argv_nomalloc.o(.text) refers to sys_command.o(.text) for _sys_command_string
    libshutdown.o(.ARM.Collect$$libshutdown$$00000000) refers (Special) to libshutdown2.o(.ARM.Collect$$libshutdown$$00000002) for __rt_lib_shutdown_cpp_1
    libshutdown.o(.ARM.Collect$$libshutdown$$00000000) refers (Special) to libshutdown2.o(.ARM.Collect$$libshutdown$$00000007) for __rt_lib_shutdown_fp_trap_1
    libshutdown.o(.ARM.Collect$$libshutdown$$00000000) refers (Special) to libshutdown2.o(.ARM.Collect$$libshutdown$$0000000F) for __rt_lib_shutdown_heap_1
    libshutdown.o(.ARM.Collect$$libshutdown$$00000000) refers (Special) to libshutdown2.o(.ARM.Collect$$libshutdown$$00000010) for __rt_lib_shutdown_return
    libshutdown.o(.ARM.Collect$$libshutdown$$00000000) refers (Special) to libshutdown2.o(.ARM.Collect$$libshutdown$$0000000A) for __rt_lib_shutdown_signal_1
    libshutdown.o(.ARM.Collect$$libshutdown$$00000000) refers (Special) to libshutdown2.o(.ARM.Collect$$libshutdown$$00000004) for __rt_lib_shutdown_stdio_1
    libshutdown.o(.ARM.Collect$$libshutdown$$00000000) refers (Special) to libshutdown2.o(.ARM.Collect$$libshutdown$$0000000C) for __rt_lib_shutdown_user_alloc_1
    sys_command.o(.text) refers (Special) to use_no_semi.o(.text) for __I$use$semihosting
    sys_command.o(.text) refers (Special) to indicate_semi.o(.text) for __semihosting_library_function
    defsig_abrt_inner.o(.text) refers to defsig_general.o(.text) for __default_signal_display
    defsig_rtred_inner.o(.text) refers to defsig_general.o(.text) for __default_signal_display
    defsig_rtmem_inner.o(.text) refers to defsig_general.o(.text) for __default_signal_display
    defsig_rtmem_outer.o(.text) refers to defsig_rtmem_inner.o(.text) for __rt_SIGRTMEM_inner
    defsig_rtmem_outer.o(.text) refers to defsig_exit.o(.text) for __sig_exit
    defsig_rtmem_formal.o(.text) refers to rt_raise.o(.text) for __rt_raise
    defsig_stak_inner.o(.text) refers to defsig_general.o(.text) for __default_signal_display
    defsig_pvfn_inner.o(.text) refers to defsig_general.o(.text) for __default_signal_display
    defsig_cppl_inner.o(.text) refers to defsig_general.o(.text) for __default_signal_display
    defsig_segv_inner.o(.text) refers to defsig_general.o(.text) for __default_signal_display
    defsig_other.o(.text) refers to defsig_general.o(.text) for __default_signal_display


==============================================================================

Removing Unused input sections from the image.

    Removing main.o(.rev16_text), (4 bytes).
    Removing main.o(.revsh_text), (4 bytes).
    Removing init.o(.rev16_text), (4 bytes).
    Removing init.o(.revsh_text), (4 bytes).
    Removing isr.o(.rev16_text), (4 bytes).
    Removing isr.o(.revsh_text), (4 bytes).
    Removing conf.o(.rev16_text), (4 bytes).
    Removing conf.o(.revsh_text), (4 bytes).
    Removing acmp.o(.rev16_text), (4 bytes).
    Removing acmp.o(.revsh_text), (4 bytes).
    Removing adc.o(.rev16_text), (4 bytes).
    Removing adc.o(.revsh_text), (4 bytes).
    Removing can.o(.rev16_text), (4 bytes).
    Removing can.o(.revsh_text), (4 bytes).
    Removing delay.o(.rev16_text), (4 bytes).
    Removing delay.o(.revsh_text), (4 bytes).
    Removing delay.o(.text), (112 bytes).
    Removing ftm.o(.rev16_text), (4 bytes).
    Removing ftm.o(.revsh_text), (4 bytes).
    Removing gpio.o(.rev16_text), (4 bytes).
    Removing gpio.o(.revsh_text), (4 bytes).
    Removing i2c.o(.rev16_text), (4 bytes).
    Removing i2c.o(.revsh_text), (4 bytes).
    Removing i2c.o(.text), (780 bytes).
    Removing i2c.o(.constdata), (128 bytes).
    Removing i2c.o(.data), (8 bytes).
    Removing ics.o(.rev16_text), (4 bytes).
    Removing ics.o(.revsh_text), (4 bytes).
    Removing irq.o(.rev16_text), (4 bytes).
    Removing irq.o(.revsh_text), (4 bytes).
    Removing pit.o(.rev16_text), (4 bytes).
    Removing pit.o(.revsh_text), (4 bytes).
    Removing pwt.o(.rev16_text), (4 bytes).
    Removing pwt.o(.revsh_text), (4 bytes).
    Removing pwt.o(.text), (228 bytes).
    Removing spi.o(.rev16_text), (4 bytes).
    Removing spi.o(.revsh_text), (4 bytes).
    Removing spi.o(.text), (356 bytes).
    Removing spi.o(.constdata), (18 bytes).
    Removing spi.o(.data), (8 bytes).
    Removing uart.o(.rev16_text), (4 bytes).
    Removing uart.o(.revsh_text), (4 bytes).
    Removing uart.o(.text), (388 bytes).
    Removing uart.o(.data), (12 bytes).
    Removing wdog.o(.rev16_text), (4 bytes).
    Removing wdog.o(.revsh_text), (4 bytes).
    Removing wdog.o(.text), (116 bytes).
    Removing vector.o(.rev16_text), (4 bytes).
    Removing vector.o(.revsh_text), (4 bytes).
    Removing system.o(.rev16_text), (4 bytes).
    Removing system.o(.revsh_text), (4 bytes).
    Removing system_skeaz1284.o(.rev16_text), (4 bytes).
    Removing system_skeaz1284.o(.revsh_text), (4 bytes).

53 unused section(s) (total 2322 bytes) removed from the image.

==============================================================================

Image Symbol Table

    Local Symbols

    Symbol Name                              Value     Ov Type        Size  Object(Section)

    RESET                                    0x00000000   Section      192  startup_skeaz1284.o(RESET)
    ../clib/angel/boardlib.s                 0x00000000   Number         0  boardinit1.o ABSOLUTE
    ../clib/angel/boardlib.s                 0x00000000   Number         0  boardinit3.o ABSOLUTE
    ../clib/angel/boardlib.s                 0x00000000   Number         0  boardinit2.o ABSOLUTE
    ../clib/angel/boardlib.s                 0x00000000   Number         0  boardshut.o ABSOLUTE
    ../clib/angel/handlers.s                 0x00000000   Number         0  __scatter_copy.o ABSOLUTE
    ../clib/angel/handlers.s                 0x00000000   Number         0  __scatter_zi.o ABSOLUTE
    ../clib/angel/kernel.s                   0x00000000   Number         0  __rtentry.o ABSOLUTE
    ../clib/angel/kernel.s                   0x00000000   Number         0  __rtentry2.o ABSOLUTE
    ../clib/angel/kernel.s                   0x00000000   Number         0  rtexit.o ABSOLUTE
    ../clib/angel/kernel.s                   0x00000000   Number         0  __rtentry4.o ABSOLUTE
    ../clib/angel/kernel.s                   0x00000000   Number         0  rtexit2.o ABSOLUTE
    ../clib/angel/rt.s                       0x00000000   Number         0  rt_div0.o ABSOLUTE
    ../clib/angel/rt.s                       0x00000000   Number         0  aeabi_idiv0.o ABSOLUTE
    ../clib/angel/rt.s                       0x00000000   Number         0  aeabi_idiv0_sigfpe.o ABSOLUTE
    ../clib/angel/rt.s                       0x00000000   Number         0  rt_raise.o ABSOLUTE
    ../clib/angel/scatterp.s                 0x00000000   Number         0  __scatter.o ABSOLUTE
    ../clib/angel/startup.s                  0x00000000   Number         0  __main.o ABSOLUTE
    ../clib/angel/sys.s                      0x00000000   Number         0  sys_stackheap_outer.o ABSOLUTE
    ../clib/angel/sys.s                      0x00000000   Number         0  libspace.o ABSOLUTE
    ../clib/angel/sys.s                      0x00000000   Number         0  tempstk.o ABSOLUTE
    ../clib/angel/sys.s                      0x00000000   Number         0  use_no_semi.o ABSOLUTE
    ../clib/angel/sys.s                      0x00000000   Number         0  indicate_semi.o ABSOLUTE
    ../clib/angel/sysapp.c                   0x00000000   Number         0  sys_exit.o ABSOLUTE
    ../clib/angel/sysapp.c                   0x00000000   Number         0  sys_wrch.o ABSOLUTE
    ../clib/angel/sysapp.c                   0x00000000   Number         0  sys_command.o ABSOLUTE
    ../clib/armsys.c                         0x00000000   Number         0  argv_veneer.o ABSOLUTE
    ../clib/armsys.c                         0x00000000   Number         0  _get_argv_nomalloc.o ABSOLUTE
    ../clib/armsys.c                         0x00000000   Number         0  no_argv.o ABSOLUTE
    ../clib/division.s                       0x00000000   Number         0  aeabi_sdiv.o ABSOLUTE
    ../clib/division.s                       0x00000000   Number         0  aeabi_sdiv_div0.o ABSOLUTE
    ../clib/heapalloc.c                      0x00000000   Number         0  hrguard.o ABSOLUTE
    ../clib/heapaux.c                        0x00000000   Number         0  heapauxi.o ABSOLUTE
    ../clib/libinit.s                        0x00000000   Number         0  libinit2.o ABSOLUTE
    ../clib/libinit.s                        0x00000000   Number         0  libshutdown2.o ABSOLUTE
    ../clib/libinit.s                        0x00000000   Number         0  libinit.o ABSOLUTE
    ../clib/libinit.s                        0x00000000   Number         0  libshutdown.o ABSOLUTE
    ../clib/memcpset.c                       0x00000000   Number         0  rt_memcpy.o ABSOLUTE
    ../clib/memcpset.c                       0x00000000   Number         0  rt_memcpy.o ABSOLUTE
    ../clib/signal.c                         0x00000000   Number         0  defsig_rtmem_inner.o ABSOLUTE
    ../clib/signal.c                         0x00000000   Number         0  defsig_rtmem_outer.o ABSOLUTE
    ../clib/signal.c                         0x00000000   Number         0  defsig_rtmem_formal.o ABSOLUTE
    ../clib/signal.c                         0x00000000   Number         0  defsig_stak_inner.o ABSOLUTE
    ../clib/signal.c                         0x00000000   Number         0  defsig_pvfn_inner.o ABSOLUTE
    ../clib/signal.c                         0x00000000   Number         0  defsig_cppl_inner.o ABSOLUTE
    ../clib/signal.c                         0x00000000   Number         0  defsig_fpe_inner.o ABSOLUTE
    ../clib/signal.c                         0x00000000   Number         0  defsig_general.o ABSOLUTE
    ../clib/signal.c                         0x00000000   Number         0  __raise.o ABSOLUTE
    ../clib/signal.c                         0x00000000   Number         0  defsig_segv_inner.o ABSOLUTE
    ../clib/signal.c                         0x00000000   Number         0  defsig_other.o ABSOLUTE
    ../clib/signal.c                         0x00000000   Number         0  defsig_exit.o ABSOLUTE
    ../clib/signal.c                         0x00000000   Number         0  defsig_fpe_formal.o ABSOLUTE
    ../clib/signal.c                         0x00000000   Number         0  defsig_fpe_outer.o ABSOLUTE
    ../clib/signal.c                         0x00000000   Number         0  defsig_abrt_inner.o ABSOLUTE
    ../clib/signal.c                         0x00000000   Number         0  defsig_rtred_inner.o ABSOLUTE
    ../clib/signal.s                         0x00000000   Number         0  defsig.o ABSOLUTE
    ../clib/stdlib.c                         0x00000000   Number         0  exit.o ABSOLUTE
    ../fplib/cfplib/fpinit.c                 0x00000000   Number         0  fpinit.o ABSOLUTE
    ..\App\Conf.c                            0x00000000   Number         0  conf.o ABSOLUTE
    ..\App\ISR.c                             0x00000000   Number         0  isr.o ABSOLUTE
    ..\App\Init.c                            0x00000000   Number         0  init.o ABSOLUTE
    ..\App\main.c                            0x00000000   Number         0  main.o ABSOLUTE
    ..\Chip\ACMP.c                           0x00000000   Number         0  acmp.o ABSOLUTE
    ..\Chip\ADC.c                            0x00000000   Number         0  adc.o ABSOLUTE
    ..\Chip\CAN.c                            0x00000000   Number         0  can.o ABSOLUTE
    ..\Chip\Delay.c                          0x00000000   Number         0  delay.o ABSOLUTE
    ..\Chip\FTM.c                            0x00000000   Number         0  ftm.o ABSOLUTE
    ..\Chip\GPIO.c                           0x00000000   Number         0  gpio.o ABSOLUTE
    ..\Chip\I2C.c                            0x00000000   Number         0  i2c.o ABSOLUTE
    ..\Chip\ICS.c                            0x00000000   Number         0  ics.o ABSOLUTE
    ..\Chip\IRQ.c                            0x00000000   Number         0  irq.o ABSOLUTE
    ..\Chip\PIT.c                            0x00000000   Number         0  pit.o ABSOLUTE
    ..\Chip\PWT.c                            0x00000000   Number         0  pwt.o ABSOLUTE
    ..\Chip\SPI.c                            0x00000000   Number         0  spi.o ABSOLUTE
    ..\Chip\UART.c                           0x00000000   Number         0  uart.o ABSOLUTE
    ..\Chip\WDOG.c                           0x00000000   Number         0  wdog.o ABSOLUTE
    ..\Start\StartUp.s                       0x00000000   Number         0  startup.o ABSOLUTE
    ..\Start\System.c                        0x00000000   Number         0  system.o ABSOLUTE
    ..\Start\Vector.c                        0x00000000   Number         0  vector.o ABSOLUTE
    ..\\App\\Conf.c                          0x00000000   Number         0  conf.o ABSOLUTE
    ..\\App\\ISR.c                           0x00000000   Number         0  isr.o ABSOLUTE
    ..\\App\\Init.c                          0x00000000   Number         0  init.o ABSOLUTE
    ..\\App\\main.c                          0x00000000   Number         0  main.o ABSOLUTE
    ..\\Chip\\ACMP.c                         0x00000000   Number         0  acmp.o ABSOLUTE
    ..\\Chip\\ADC.c                          0x00000000   Number         0  adc.o ABSOLUTE
    ..\\Chip\\CAN.c                          0x00000000   Number         0  can.o ABSOLUTE
    ..\\Chip\\Delay.c                        0x00000000   Number         0  delay.o ABSOLUTE
    ..\\Chip\\FTM.c                          0x00000000   Number         0  ftm.o ABSOLUTE
    ..\\Chip\\GPIO.c                         0x00000000   Number         0  gpio.o ABSOLUTE
    ..\\Chip\\I2C.c                          0x00000000   Number         0  i2c.o ABSOLUTE
    ..\\Chip\\ICS.c                          0x00000000   Number         0  ics.o ABSOLUTE
    ..\\Chip\\IRQ.c                          0x00000000   Number         0  irq.o ABSOLUTE
    ..\\Chip\\PIT.c                          0x00000000   Number         0  pit.o ABSOLUTE
    ..\\Chip\\PWT.c                          0x00000000   Number         0  pwt.o ABSOLUTE
    ..\\Chip\\SPI.c                          0x00000000   Number         0  spi.o ABSOLUTE
    ..\\Chip\\UART.c                         0x00000000   Number         0  uart.o ABSOLUTE
    ..\\Chip\\WDOG.c                         0x00000000   Number         0  wdog.o ABSOLUTE
    ..\\Start\\System.c                      0x00000000   Number         0  system.o ABSOLUTE
    ..\\Start\\Vector.c                      0x00000000   Number         0  vector.o ABSOLUTE
    RTE\Device\SKEAZ128xxx4\startup_SKEAZ1284.s 0x00000000   Number         0  startup_skeaz1284.o ABSOLUTE
    RTE\Device\SKEAZ128xxx4\system_SKEAZ1284.c 0x00000000   Number         0  system_skeaz1284.o ABSOLUTE
    RTE\\Device\\SKEAZ128xxx4\\system_SKEAZ1284.c 0x00000000   Number         0  system_skeaz1284.o ABSOLUTE
    dc.s                                     0x00000000   Number         0  dc.o ABSOLUTE
    !!!main                                  0x000000c0   Section        8  __main.o(!!!main)
    !!!scatter                               0x000000c8   Section       60  __scatter.o(!!!scatter)
    !!handler_copy                           0x00000104   Section       26  __scatter_copy.o(!!handler_copy)
    !!handler_zi                             0x00000120   Section       28  __scatter_zi.o(!!handler_zi)
    .ARM.Collect$$libinit$$00000000          0x0000013c   Section        2  libinit.o(.ARM.Collect$$libinit$$00000000)
    .ARM.Collect$$libinit$$00000002          0x0000013e   Section        0  libinit2.o(.ARM.Collect$$libinit$$00000002)
    .ARM.Collect$$libinit$$00000004          0x0000013e   Section        0  libinit2.o(.ARM.Collect$$libinit$$00000004)
    .ARM.Collect$$libinit$$0000000A          0x0000013e   Section        0  libinit2.o(.ARM.Collect$$libinit$$0000000A)
    .ARM.Collect$$libinit$$0000000C          0x0000013e   Section        0  libinit2.o(.ARM.Collect$$libinit$$0000000C)
    .ARM.Collect$$libinit$$0000000E          0x0000013e   Section        0  libinit2.o(.ARM.Collect$$libinit$$0000000E)
    .ARM.Collect$$libinit$$00000011          0x0000013e   Section        0  libinit2.o(.ARM.Collect$$libinit$$00000011)
    .ARM.Collect$$libinit$$00000013          0x0000013e   Section        0  libinit2.o(.ARM.Collect$$libinit$$00000013)
    .ARM.Collect$$libinit$$00000015          0x0000013e   Section        0  libinit2.o(.ARM.Collect$$libinit$$00000015)
    .ARM.Collect$$libinit$$00000017          0x0000013e   Section        0  libinit2.o(.ARM.Collect$$libinit$$00000017)
    .ARM.Collect$$libinit$$00000019          0x0000013e   Section        0  libinit2.o(.ARM.Collect$$libinit$$00000019)
    .ARM.Collect$$libinit$$0000001B          0x0000013e   Section        0  libinit2.o(.ARM.Collect$$libinit$$0000001B)
    .ARM.Collect$$libinit$$0000001D          0x0000013e   Section        0  libinit2.o(.ARM.Collect$$libinit$$0000001D)
    .ARM.Collect$$libinit$$0000001F          0x0000013e   Section        0  libinit2.o(.ARM.Collect$$libinit$$0000001F)
    .ARM.Collect$$libinit$$00000021          0x0000013e   Section        0  libinit2.o(.ARM.Collect$$libinit$$00000021)
    .ARM.Collect$$libinit$$00000023          0x0000013e   Section        0  libinit2.o(.ARM.Collect$$libinit$$00000023)
    .ARM.Collect$$libinit$$00000025          0x0000013e   Section        0  libinit2.o(.ARM.Collect$$libinit$$00000025)
    .ARM.Collect$$libinit$$0000002C          0x0000013e   Section        0  libinit2.o(.ARM.Collect$$libinit$$0000002C)
    .ARM.Collect$$libinit$$0000002E          0x0000013e   Section        0  libinit2.o(.ARM.Collect$$libinit$$0000002E)
    .ARM.Collect$$libinit$$00000030          0x0000013e   Section        0  libinit2.o(.ARM.Collect$$libinit$$00000030)
    .ARM.Collect$$libinit$$00000032          0x0000013e   Section        0  libinit2.o(.ARM.Collect$$libinit$$00000032)
    .ARM.Collect$$libinit$$00000033          0x0000013e   Section        2  libinit2.o(.ARM.Collect$$libinit$$00000033)
    .ARM.Collect$$libshutdown$$00000000      0x00000140   Section        2  libshutdown.o(.ARM.Collect$$libshutdown$$00000000)
    .ARM.Collect$$libshutdown$$00000002      0x00000142   Section        0  libshutdown2.o(.ARM.Collect$$libshutdown$$00000002)
    .ARM.Collect$$libshutdown$$00000004      0x00000142   Section        0  libshutdown2.o(.ARM.Collect$$libshutdown$$00000004)
    .ARM.Collect$$libshutdown$$00000007      0x00000142   Section        0  libshutdown2.o(.ARM.Collect$$libshutdown$$00000007)
    .ARM.Collect$$libshutdown$$0000000A      0x00000142   Section        0  libshutdown2.o(.ARM.Collect$$libshutdown$$0000000A)
    .ARM.Collect$$libshutdown$$0000000C      0x00000142   Section        0  libshutdown2.o(.ARM.Collect$$libshutdown$$0000000C)
    .ARM.Collect$$libshutdown$$0000000F      0x00000142   Section        0  libshutdown2.o(.ARM.Collect$$libshutdown$$0000000F)
    .ARM.Collect$$libshutdown$$00000010      0x00000142   Section        2  libshutdown2.o(.ARM.Collect$$libshutdown$$00000010)
    .ARM.Collect$$rtentry$$00000000          0x00000144   Section        0  __rtentry.o(.ARM.Collect$$rtentry$$00000000)
    .ARM.Collect$$rtentry$$00000002          0x00000144   Section        0  __rtentry2.o(.ARM.Collect$$rtentry$$00000002)
    .ARM.Collect$$rtentry$$00000004          0x00000144   Section        6  __rtentry4.o(.ARM.Collect$$rtentry$$00000004)
    .ARM.Collect$$rtentry$$00000009          0x0000014a   Section        0  __rtentry2.o(.ARM.Collect$$rtentry$$00000009)
    .ARM.Collect$$rtentry$$0000000A          0x0000014a   Section        4  __rtentry2.o(.ARM.Collect$$rtentry$$0000000A)
    .ARM.Collect$$rtentry$$0000000C          0x0000014e   Section        0  __rtentry2.o(.ARM.Collect$$rtentry$$0000000C)
    .ARM.Collect$$rtentry$$0000000D          0x0000014e   Section        8  __rtentry2.o(.ARM.Collect$$rtentry$$0000000D)
    .ARM.Collect$$rtexit$$00000000           0x00000156   Section        2  rtexit.o(.ARM.Collect$$rtexit$$00000000)
    .ARM.Collect$$rtexit$$00000002           0x00000158   Section        0  rtexit2.o(.ARM.Collect$$rtexit$$00000002)
    .ARM.Collect$$rtexit$$00000003           0x00000158   Section        4  rtexit2.o(.ARM.Collect$$rtexit$$00000003)
    .ARM.Collect$$rtexit$$00000004           0x0000015c   Section        6  rtexit2.o(.ARM.Collect$$rtexit$$00000004)
    .emb_text                                0x00000164   Section       56  rt_memcpy.o(.emb_text)
    .text                                    0x0000019c   Section        0  main.o(.text)
    .text                                    0x00000244   Section        0  init.o(.text)
    NVIC_SetPriority                         0x00000245   Thumb Code   110  init.o(.text)
    NVIC_EnableIRQ                           0x0000035f   Thumb Code    18  init.o(.text)
    NVIC_DisableIRQ                          0x00000371   Thumb Code    20  init.o(.text)
    .text                                    0x00000398   Section        0  conf.o(.text)
    .text                                    0x000003a0   Section       64  startup_skeaz1284.o(.text)
    .text                                    0x000003e0   Section        0  heapauxi.o(.text)
    .text                                    0x000003e6   Section        0  exit.o(.text)
    .text                                    0x000003f8   Section        8  libspace.o(.text)
    .ARM.__at_0x400                          0x00000400   Section       16  startup_skeaz1284.o(.ARM.__at_0x400)
    .text                                    0x00000410   Section        0  isr.o(.text)
    NVIC_EnableIRQ                           0x00000495   Thumb Code    18  isr.o(.text)
    NVIC_DisableIRQ                          0x000004a7   Thumb Code    20  isr.o(.text)
    .text                                    0x000004c8   Section        0  acmp.o(.text)
    .text                                    0x00000550   Section        0  adc.o(.text)
    .text                                    0x00000668   Section        0  ftm.o(.text)
    FTM_Port_Mux                             0x00000669   Thumb Code   264  ftm.o(.text)
    .text                                    0x00000bdc   Section        0  gpio.o(.text)
    .text                                    0x00000e00   Section        0  ics.o(.text)
    .text                                    0x0000112c   Section        0  irq.o(.text)
    .text                                    0x000012dc   Section        0  pit.o(.text)
    .text                                    0x00001370   Section        0  system_skeaz1284.o(.text)
    .text                                    0x00001488   Section        0  rt_memcpy.o(.text)
    .text                                    0x0000150a   Section      346  aeabi_sdiv.o(.text)
    .text                                    0x00001664   Section       62  sys_stackheap_outer.o(.text)
    .text                                    0x000016a4   Section        0  sys_exit.o(.text)
    .text                                    0x000016b0   Section        2  use_no_semi.o(.text)
    .text                                    0x000016b2   Section        0  indicate_semi.o(.text)
    i.__ARM_common_switch8                   0x000016b2   Section        0  ftm.o(i.__ARM_common_switch8)
    .data                                    0x1ffff000   Section       12  main.o(.data)
    .data                                    0x1ffff00c   Section        8  acmp.o(.data)
    .data                                    0x1ffff014   Section        4  adc.o(.data)
    .data                                    0x1ffff018   Section       12  ftm.o(.data)
    .data                                    0x1ffff024   Section       12  gpio.o(.data)
    .data                                    0x1ffff030   Section       19  ics.o(.data)
    .data                                    0x1ffff044   Section        4  system_skeaz1284.o(.data)
    .bss                                     0x1ffff048   Section       96  libspace.o(.bss)
    HEAP                                     0x1ffff0a8   Section        0  startup_skeaz1284.o(HEAP)
    STACK                                    0x1ffff0a8   Section      256  startup_skeaz1284.o(STACK)
    Heap_Mem                                 0x1ffff0a8   Data           0  startup_skeaz1284.o(HEAP)
    Stack_Mem                                0x1ffff0a8   Data         256  startup_skeaz1284.o(STACK)
    __initial_sp                             0x1ffff1a8   Data           0  startup_skeaz1284.o(STACK)

    Global Symbols

    Symbol Name                              Value     Ov Type        Size  Object(Section)

    BuildAttributes$$THM_ISAv3M$S$PE$A:L22$X:L11$S22$IEEE1$IW$USESV6$~STKCKD$USESV7$~SHL$OSPACE$ROPI$EBA8$UX$STANDARDLIB$REQ8$PRES8$EABIv2 0x00000000   Number         0  anon$$obj.o ABSOLUTE
    __ARM_use_no_argv                        0x00000000   Number         0  main.o ABSOLUTE
    __Vectors                                0x00000000   Data           4  startup_skeaz1284.o(RESET)
    __ARM_exceptions_init                     - Undefined Weak Reference
    __alloca_initialize                       - Undefined Weak Reference
    __arm_preinit_                            - Undefined Weak Reference
    __cpp_initialize__aeabi_                  - Undefined Weak Reference
    __cxa_finalize                            - Undefined Weak Reference
    __rt_locale                               - Undefined Weak Reference
    __sigvec_lookup                           - Undefined Weak Reference
    _atexit_init                              - Undefined Weak Reference
    _call_atexit_fns                          - Undefined Weak Reference
    _clock_init                               - Undefined Weak Reference
    _fp_trap_init                             - Undefined Weak Reference
    _fp_trap_shutdown                         - Undefined Weak Reference
    _get_lc_collate                           - Undefined Weak Reference
    _get_lc_ctype                             - Undefined Weak Reference
    _get_lc_monetary                          - Undefined Weak Reference
    _get_lc_numeric                           - Undefined Weak Reference
    _get_lc_time                              - Undefined Weak Reference
    _getenv_init                              - Undefined Weak Reference
    _handle_redirection                       - Undefined Weak Reference
    _init_alloc                               - Undefined Weak Reference
    _init_user_alloc                          - Undefined Weak Reference
    _initio                                   - Undefined Weak Reference
    _rand_init                                - Undefined Weak Reference
    _signal_finish                            - Undefined Weak Reference
    _signal_init                              - Undefined Weak Reference
    _terminate_alloc                          - Undefined Weak Reference
    _terminate_user_alloc                     - Undefined Weak Reference
    _terminateio                              - Undefined Weak Reference
    __Vectors_End                            0x000000c0   Data           0  startup_skeaz1284.o(RESET)
    __Vectors_Size                           0x000000c0   Number         0  startup_skeaz1284.o ABSOLUTE
    __main                                   0x000000c1   Thumb Code     8  __main.o(!!!main)
    __scatterload                            0x000000c9   Thumb Code     0  __scatter.o(!!!scatter)
    __scatterload_rt2                        0x000000c9   Thumb Code    52  __scatter.o(!!!scatter)
    __scatterload_rt2_thumb_only             0x000000c9   Thumb Code     0  __scatter.o(!!!scatter)
    __scatterload_null                       0x000000d9   Thumb Code     0  __scatter.o(!!!scatter)
    __scatterload_copy                       0x00000105   Thumb Code    26  __scatter_copy.o(!!handler_copy)
    __scatterload_zeroinit                   0x00000121   Thumb Code    28  __scatter_zi.o(!!handler_zi)
    __rt_lib_init                            0x0000013d   Thumb Code     0  libinit.o(.ARM.Collect$$libinit$$00000000)
    __rt_lib_init_alloca_1                   0x0000013f   Thumb Code     0  libinit2.o(.ARM.Collect$$libinit$$0000002E)
    __rt_lib_init_argv_1                     0x0000013f   Thumb Code     0  libinit2.o(.ARM.Collect$$libinit$$0000002C)
    __rt_lib_init_atexit_1                   0x0000013f   Thumb Code     0  libinit2.o(.ARM.Collect$$libinit$$0000001B)
    __rt_lib_init_clock_1                    0x0000013f   Thumb Code     0  libinit2.o(.ARM.Collect$$libinit$$00000021)
    __rt_lib_init_cpp_1                      0x0000013f   Thumb Code     0  libinit2.o(.ARM.Collect$$libinit$$00000032)
    __rt_lib_init_exceptions_1               0x0000013f   Thumb Code     0  libinit2.o(.ARM.Collect$$libinit$$00000030)
    __rt_lib_init_fp_1                       0x0000013f   Thumb Code     0  libinit2.o(.ARM.Collect$$libinit$$00000002)
    __rt_lib_init_fp_trap_1                  0x0000013f   Thumb Code     0  libinit2.o(.ARM.Collect$$libinit$$0000001F)
    __rt_lib_init_getenv_1                   0x0000013f   Thumb Code     0  libinit2.o(.ARM.Collect$$libinit$$00000023)
    __rt_lib_init_heap_1                     0x0000013f   Thumb Code     0  libinit2.o(.ARM.Collect$$libinit$$0000000A)
    __rt_lib_init_lc_collate_1               0x0000013f   Thumb Code     0  libinit2.o(.ARM.Collect$$libinit$$00000011)
    __rt_lib_init_lc_ctype_1                 0x0000013f   Thumb Code     0  libinit2.o(.ARM.Collect$$libinit$$00000013)
    __rt_lib_init_lc_monetary_1              0x0000013f   Thumb Code     0  libinit2.o(.ARM.Collect$$libinit$$00000015)
    __rt_lib_init_lc_numeric_1               0x0000013f   Thumb Code     0  libinit2.o(.ARM.Collect$$libinit$$00000017)
    __rt_lib_init_lc_time_1                  0x0000013f   Thumb Code     0  libinit2.o(.ARM.Collect$$libinit$$00000019)
    __rt_lib_init_preinit_1                  0x0000013f   Thumb Code     0  libinit2.o(.ARM.Collect$$libinit$$00000004)
    __rt_lib_init_rand_1                     0x0000013f   Thumb Code     0  libinit2.o(.ARM.Collect$$libinit$$0000000E)
    __rt_lib_init_return                     0x0000013f   Thumb Code     0  libinit2.o(.ARM.Collect$$libinit$$00000033)
    __rt_lib_init_signal_1                   0x0000013f   Thumb Code     0  libinit2.o(.ARM.Collect$$libinit$$0000001D)
    __rt_lib_init_stdio_1                    0x0000013f   Thumb Code     0  libinit2.o(.ARM.Collect$$libinit$$00000025)
    __rt_lib_init_user_alloc_1               0x0000013f   Thumb Code     0  libinit2.o(.ARM.Collect$$libinit$$0000000C)
    __rt_lib_shutdown                        0x00000141   Thumb Code     0  libshutdown.o(.ARM.Collect$$libshutdown$$00000000)
    __rt_lib_shutdown_cpp_1                  0x00000143   Thumb Code     0  libshutdown2.o(.ARM.Collect$$libshutdown$$00000002)
    __rt_lib_shutdown_fp_trap_1              0x00000143   Thumb Code     0  libshutdown2.o(.ARM.Collect$$libshutdown$$00000007)
    __rt_lib_shutdown_heap_1                 0x00000143   Thumb Code     0  libshutdown2.o(.ARM.Collect$$libshutdown$$0000000F)
    __rt_lib_shutdown_return                 0x00000143   Thumb Code     0  libshutdown2.o(.ARM.Collect$$libshutdown$$00000010)
    __rt_lib_shutdown_signal_1               0x00000143   Thumb Code     0  libshutdown2.o(.ARM.Collect$$libshutdown$$0000000A)
    __rt_lib_shutdown_stdio_1                0x00000143   Thumb Code     0  libshutdown2.o(.ARM.Collect$$libshutdown$$00000004)
    __rt_lib_shutdown_user_alloc_1           0x00000143   Thumb Code     0  libshutdown2.o(.ARM.Collect$$libshutdown$$0000000C)
    __rt_entry                               0x00000145   Thumb Code     0  __rtentry.o(.ARM.Collect$$rtentry$$00000000)
    __rt_entry_presh_1                       0x00000145   Thumb Code     0  __rtentry2.o(.ARM.Collect$$rtentry$$00000002)
    __rt_entry_sh                            0x00000145   Thumb Code     0  __rtentry4.o(.ARM.Collect$$rtentry$$00000004)
    __rt_entry_li                            0x0000014b   Thumb Code     0  __rtentry2.o(.ARM.Collect$$rtentry$$0000000A)
    __rt_entry_postsh_1                      0x0000014b   Thumb Code     0  __rtentry2.o(.ARM.Collect$$rtentry$$00000009)
    __rt_entry_main                          0x0000014f   Thumb Code     0  __rtentry2.o(.ARM.Collect$$rtentry$$0000000D)
    __rt_entry_postli_1                      0x0000014f   Thumb Code     0  __rtentry2.o(.ARM.Collect$$rtentry$$0000000C)
    __rt_exit                                0x00000157   Thumb Code     0  rtexit.o(.ARM.Collect$$rtexit$$00000000)
    __rt_exit_ls                             0x00000159   Thumb Code     0  rtexit2.o(.ARM.Collect$$rtexit$$00000003)
    __rt_exit_prels_1                        0x00000159   Thumb Code     0  rtexit2.o(.ARM.Collect$$rtexit$$00000002)
    __rt_exit_exit                           0x0000015d   Thumb Code     0  rtexit2.o(.ARM.Collect$$rtexit$$00000004)
    __aeabi_memcpy4                          0x00000165   Thumb Code    56  rt_memcpy.o(.emb_text)
    __aeabi_memcpy8                          0x00000165   Thumb Code     0  rt_memcpy.o(.emb_text)
    main                                     0x0000019d   Thumb Code   148  main.o(.text)
    InitInterrupts                           0x000002b3   Thumb Code    50  init.o(.text)
    InitAll                                  0x000002e5   Thumb Code   122  init.o(.text)
    assert_failed                            0x00000399   Thumb Code     4  conf.o(.text)
    default_isr                              0x0000039d   Thumb Code     4  conf.o(.text)
    init_data_bss                            0x000003a1   Thumb Code     2  startup_skeaz1284.o(.text)
    Reset_Handler                            0x000003a3   Thumb Code    12  startup_skeaz1284.o(.text)
    NMI_Handler                              0x000003af   Thumb Code     2  startup_skeaz1284.o(.text)
    HardFault_Handler                        0x000003b1   Thumb Code     2  startup_skeaz1284.o(.text)
    SVC_Handler                              0x000003b3   Thumb Code     2  startup_skeaz1284.o(.text)
    PendSV_Handler                           0x000003b5   Thumb Code     2  startup_skeaz1284.o(.text)
    SysTick_Handler                          0x000003b7   Thumb Code     2  startup_skeaz1284.o(.text)
    ACMP0_IRQHandler                         0x000003b9   Thumb Code     0  startup_skeaz1284.o(.text)
    ACMP1_IRQHandler                         0x000003b9   Thumb Code     0  startup_skeaz1284.o(.text)
    ADC_IRQHandler                           0x000003b9   Thumb Code     0  startup_skeaz1284.o(.text)
    DefaultISR                               0x000003b9   Thumb Code     0  startup_skeaz1284.o(.text)
    FTM0_IRQHandler                          0x000003b9   Thumb Code     0  startup_skeaz1284.o(.text)
    FTM1_IRQHandler                          0x000003b9   Thumb Code     0  startup_skeaz1284.o(.text)
    FTM2_IRQHandler                          0x000003b9   Thumb Code     0  startup_skeaz1284.o(.text)
    FTMRE_IRQHandler                         0x000003b9   Thumb Code     0  startup_skeaz1284.o(.text)
    I2C0_IRQHandler                          0x000003b9   Thumb Code     0  startup_skeaz1284.o(.text)
    I2C1_IRQHandler                          0x000003b9   Thumb Code     0  startup_skeaz1284.o(.text)
    ICS_IRQHandler                           0x000003b9   Thumb Code     0  startup_skeaz1284.o(.text)
    KBI0_IRQHandler                          0x000003b9   Thumb Code     0  startup_skeaz1284.o(.text)
    KBI1_IRQHandler                          0x000003b9   Thumb Code     0  startup_skeaz1284.o(.text)
    MSCAN_RX_IRQHandler                      0x000003b9   Thumb Code     0  startup_skeaz1284.o(.text)
    MSCAN_TX_IRQHandler                      0x000003b9   Thumb Code     0  startup_skeaz1284.o(.text)
    PMC_IRQHandler                           0x000003b9   Thumb Code     0  startup_skeaz1284.o(.text)
    PWT_IRQHandler                           0x000003b9   Thumb Code     0  startup_skeaz1284.o(.text)
    RTC_IRQHandler                           0x000003b9   Thumb Code     0  startup_skeaz1284.o(.text)
    Reserved16_IRQHandler                    0x000003b9   Thumb Code     0  startup_skeaz1284.o(.text)
    Reserved17_IRQHandler                    0x000003b9   Thumb Code     0  startup_skeaz1284.o(.text)
    Reserved18_IRQHandler                    0x000003b9   Thumb Code     0  startup_skeaz1284.o(.text)
    Reserved19_IRQHandler                    0x000003b9   Thumb Code     0  startup_skeaz1284.o(.text)
    Reserved20_IRQHandler                    0x000003b9   Thumb Code     0  startup_skeaz1284.o(.text)
    Reserved42_IRQHandler                    0x000003b9   Thumb Code     0  startup_skeaz1284.o(.text)
    SPI0_IRQHandler                          0x000003b9   Thumb Code     0  startup_skeaz1284.o(.text)
    SPI1_IRQHandler                          0x000003b9   Thumb Code     0  startup_skeaz1284.o(.text)
    UART0_IRQHandler                         0x000003b9   Thumb Code     0  startup_skeaz1284.o(.text)
    UART1_IRQHandler                         0x000003b9   Thumb Code     0  startup_skeaz1284.o(.text)
    UART2_IRQHandler                         0x000003b9   Thumb Code     0  startup_skeaz1284.o(.text)
    WDOG_IRQHandler                          0x000003b9   Thumb Code     0  startup_skeaz1284.o(.text)
    __user_initial_stackheap                 0x000003bd   Thumb Code     0  startup_skeaz1284.o(.text)
    __use_two_region_memory                  0x000003e1   Thumb Code     2  heapauxi.o(.text)
    __rt_heap_escrow$2region                 0x000003e3   Thumb Code     2  heapauxi.o(.text)
    __rt_heap_expand$2region                 0x000003e5   Thumb Code     2  heapauxi.o(.text)
    exit                                     0x000003e7   Thumb Code    16  exit.o(.text)
    __user_libspace                          0x000003f9   Thumb Code     8  libspace.o(.text)
    __user_perproc_libspace                  0x000003f9   Thumb Code     0  libspace.o(.text)
    __user_perthread_libspace                0x000003f9   Thumb Code     0  libspace.o(.text)
    IRQ_IRQHandler                           0x00000411   Thumb Code    46  isr.o(.text)
    PIT_CH0_IRQHandler                       0x0000043f   Thumb Code    46  isr.o(.text)
    PIT_CH1_IRQHandler                       0x0000046d   Thumb Code    40  isr.o(.text)
    ACMP_DAC_Init                            0x000004c9   Thumb Code   112  acmp.o(.text)
    ADC_Init                                 0x00000551   Thumb Code    16  adc.o(.text)
    ADC_Start                                0x00000561   Thumb Code    42  adc.o(.text)
    ADC_Stop                                 0x0000058b   Thumb Code    10  adc.o(.text)
    ADC_Once                                 0x00000595   Thumb Code    76  adc.o(.text)
    ADC_Average                              0x000005e1   Thumb Code   112  adc.o(.text)
    FTM_PWM_Init                             0x00000771   Thumb Code   310  ftm.o(.text)
    FTM_PWM_Duty                             0x000008a7   Thumb Code   216  ftm.o(.text)
    FTM_PWM_Freq                             0x0000097f   Thumb Code   120  ftm.o(.text)
    FTM_Input_Init                           0x000009f7   Thumb Code   378  ftm.o(.text)
    FTM_Input_Count_Get                      0x00000b71   Thumb Code    58  ftm.o(.text)
    FTM_Input_Clean                          0x00000bab   Thumb Code    40  ftm.o(.text)
    GPIO_Init                                0x00000bdd   Thumb Code   166  gpio.o(.text)
    GPIO_DDR                                 0x00000c83   Thumb Code   100  gpio.o(.text)
    GPIO_Set                                 0x00000ce7   Thumb Code   106  gpio.o(.text)
    GPIO_Turn                                0x00000d51   Thumb Code    68  gpio.o(.text)
    GPIO_Get                                 0x00000d95   Thumb Code    88  gpio.o(.text)
    ICS_Div_Count                            0x00000e01   Thumb Code   652  ics.o(.text)
    FLL_Iint                                 0x0000108d   Thumb Code   114  ics.o(.text)
    IRQ_External_Interrupt_Init              0x0000112d   Thumb Code   406  irq.o(.text)
    PIT_Init                                 0x000012dd   Thumb Code   114  pit.o(.text)
    SystemInit                               0x00001371   Thumb Code    90  system_skeaz1284.o(.text)
    SystemCoreClockUpdate                    0x000013cb   Thumb Code   160  system_skeaz1284.o(.text)
    __aeabi_memcpy                           0x00001489   Thumb Code   130  rt_memcpy.o(.text)
    __rt_memcpy                              0x00001489   Thumb Code     0  rt_memcpy.o(.text)
    __aeabi_uidiv                            0x0000150b   Thumb Code     0  aeabi_sdiv.o(.text)
    __aeabi_uidivmod                         0x0000150b   Thumb Code    20  aeabi_sdiv.o(.text)
    __aeabi_idiv                             0x0000151f   Thumb Code     0  aeabi_sdiv.o(.text)
    __aeabi_idivmod                          0x0000151f   Thumb Code   326  aeabi_sdiv.o(.text)
    __user_setup_stackheap                   0x00001665   Thumb Code    62  sys_stackheap_outer.o(.text)
    _sys_exit                                0x000016a5   Thumb Code     8  sys_exit.o(.text)
    __I$use$semihosting                      0x000016b1   Thumb Code     0  use_no_semi.o(.text)
    __use_no_semihosting_swi                 0x000016b1   Thumb Code     2  use_no_semi.o(.text)
    __ARM_common_switch8                     0x000016b3   Thumb Code    28  ftm.o(i.__ARM_common_switch8)
    __semihosting_library_function           0x000016b3   Thumb Code     0  indicate_semi.o(.text)
    Region$$Table$$Base                      0x000016d0   Number         0  anon$$obj.o(Region$$Table)
    Region$$Table$$Limit                     0x000016f0   Number         0  anon$$obj.o(Region$$Table)
    PORT_Statu                               0x1ffff000   Data           4  main.o(.data)
    FTM_Count                                0x1ffff004   Data           4  main.o(.data)
    FTM_Flag                                 0x1ffff008   Data           1  main.o(.data)
    ADC_Result_Value                         0x1ffff00a   Data           2  main.o(.data)
    ACMP                                     0x1ffff00c   Data           8  acmp.o(.data)
    ADC_ADC0                                 0x1ffff014   Data           4  adc.o(.data)
    FTMN                                     0x1ffff018   Data          12  ftm.o(.data)
    GPIOX                                    0x1ffff024   Data          12  gpio.o(.data)
    KEA_Core_FLL_CLK_MHz                     0x1ffff030   Data           4  ics.o(.data)
    KEA_Core_CLK_KHz                         0x1ffff034   Data           4  ics.o(.data)
    KEA_Bus_CLK_KHz                          0x1ffff038   Data           4  ics.o(.data)
    KEA_Tim_CLK_KHz                          0x1ffff03c   Data           4  ics.o(.data)
    FLL_Div_CFG                              0x1ffff040   Data           3  ics.o(.data)
    SystemCoreClock                          0x1ffff044   Data           4  system_skeaz1284.o(.data)
    __libspace_start                         0x1ffff048   Data          96  libspace.o(.bss)
    __temporary_stack_top$libspace           0x1ffff0a8   Data           0  libspace.o(.bss)



==============================================================================

Memory Map of the image

  Image Entry point : 0x000000c1

  Load Region LR_IROM1 (Base: 0x00000000, Size: 0x00001738, Max: 0x00020000, ABSOLUTE)

    Execution Region ER_IROM1 (Base: 0x00000000, Size: 0x000016f0, Max: 0x00020000, ABSOLUTE)

    Base Addr    Size         Type   Attr      Idx    E Section Name        Object

    0x00000000   0x000000c0   Data   RO          549    RESET               startup_skeaz1284.o
    0x000000c0   0x00000008   Code   RO          595  * !!!main             c_p.l(__main.o)
    0x000000c8   0x0000003c   Code   RO          764    !!!scatter          c_p.l(__scatter.o)
    0x00000104   0x0000001a   Code   RO          766    !!handler_copy      c_p.l(__scatter_copy.o)
    0x0000011e   0x00000002   PAD
    0x00000120   0x0000001c   Code   RO          768    !!handler_zi        c_p.l(__scatter_zi.o)
    0x0000013c   0x00000002   Code   RO          633    .ARM.Collect$$libinit$$00000000  c_p.l(libinit.o)
    0x0000013e   0x00000000   Code   RO          647    .ARM.Collect$$libinit$$00000002  c_p.l(libinit2.o)
    0x0000013e   0x00000000   Code   RO          649    .ARM.Collect$$libinit$$00000004  c_p.l(libinit2.o)
    0x0000013e   0x00000000   Code   RO          652    .ARM.Collect$$libinit$$0000000A  c_p.l(libinit2.o)
    0x0000013e   0x00000000   Code   RO          654    .ARM.Collect$$libinit$$0000000C  c_p.l(libinit2.o)
    0x0000013e   0x00000000   Code   RO          656    .ARM.Collect$$libinit$$0000000E  c_p.l(libinit2.o)
    0x0000013e   0x00000000   Code   RO          659    .ARM.Collect$$libinit$$00000011  c_p.l(libinit2.o)
    0x0000013e   0x00000000   Code   RO          661    .ARM.Collect$$libinit$$00000013  c_p.l(libinit2.o)
    0x0000013e   0x00000000   Code   RO          663    .ARM.Collect$$libinit$$00000015  c_p.l(libinit2.o)
    0x0000013e   0x00000000   Code   RO          665    .ARM.Collect$$libinit$$00000017  c_p.l(libinit2.o)
    0x0000013e   0x00000000   Code   RO          667    .ARM.Collect$$libinit$$00000019  c_p.l(libinit2.o)
    0x0000013e   0x00000000   Code   RO          669    .ARM.Collect$$libinit$$0000001B  c_p.l(libinit2.o)
    0x0000013e   0x00000000   Code   RO          671    .ARM.Collect$$libinit$$0000001D  c_p.l(libinit2.o)
    0x0000013e   0x00000000   Code   RO          673    .ARM.Collect$$libinit$$0000001F  c_p.l(libinit2.o)
    0x0000013e   0x00000000   Code   RO          675    .ARM.Collect$$libinit$$00000021  c_p.l(libinit2.o)
    0x0000013e   0x00000000   Code   RO          677    .ARM.Collect$$libinit$$00000023  c_p.l(libinit2.o)
    0x0000013e   0x00000000   Code   RO          679    .ARM.Collect$$libinit$$00000025  c_p.l(libinit2.o)
    0x0000013e   0x00000000   Code   RO          683    .ARM.Collect$$libinit$$0000002C  c_p.l(libinit2.o)
    0x0000013e   0x00000000   Code   RO          685    .ARM.Collect$$libinit$$0000002E  c_p.l(libinit2.o)
    0x0000013e   0x00000000   Code   RO          687    .ARM.Collect$$libinit$$00000030  c_p.l(libinit2.o)
    0x0000013e   0x00000000   Code   RO          689    .ARM.Collect$$libinit$$00000032  c_p.l(libinit2.o)
    0x0000013e   0x00000002   Code   RO          690    .ARM.Collect$$libinit$$00000033  c_p.l(libinit2.o)
    0x00000140   0x00000002   Code   RO          721    .ARM.Collect$$libshutdown$$00000000  c_p.l(libshutdown.o)
    0x00000142   0x00000000   Code   RO          747    .ARM.Collect$$libshutdown$$00000002  c_p.l(libshutdown2.o)
    0x00000142   0x00000000   Code   RO          749    .ARM.Collect$$libshutdown$$00000004  c_p.l(libshutdown2.o)
    0x00000142   0x00000000   Code   RO          752    .ARM.Collect$$libshutdown$$00000007  c_p.l(libshutdown2.o)
    0x00000142   0x00000000   Code   RO          755    .ARM.Collect$$libshutdown$$0000000A  c_p.l(libshutdown2.o)
    0x00000142   0x00000000   Code   RO          757    .ARM.Collect$$libshutdown$$0000000C  c_p.l(libshutdown2.o)
    0x00000142   0x00000000   Code   RO          760    .ARM.Collect$$libshutdown$$0000000F  c_p.l(libshutdown2.o)
    0x00000142   0x00000002   Code   RO          761    .ARM.Collect$$libshutdown$$00000010  c_p.l(libshutdown2.o)
    0x00000144   0x00000000   Code   RO          597    .ARM.Collect$$rtentry$$00000000  c_p.l(__rtentry.o)
    0x00000144   0x00000000   Code   RO          603    .ARM.Collect$$rtentry$$00000002  c_p.l(__rtentry2.o)
    0x00000144   0x00000006   Code   RO          615    .ARM.Collect$$rtentry$$00000004  c_p.l(__rtentry4.o)
    0x0000014a   0x00000000   Code   RO          605    .ARM.Collect$$rtentry$$00000009  c_p.l(__rtentry2.o)
    0x0000014a   0x00000004   Code   RO          606    .ARM.Collect$$rtentry$$0000000A  c_p.l(__rtentry2.o)
    0x0000014e   0x00000000   Code   RO          608    .ARM.Collect$$rtentry$$0000000C  c_p.l(__rtentry2.o)
    0x0000014e   0x00000008   Code   RO          609    .ARM.Collect$$rtentry$$0000000D  c_p.l(__rtentry2.o)
    0x00000156   0x00000002   Code   RO          638    .ARM.Collect$$rtexit$$00000000  c_p.l(rtexit.o)
    0x00000158   0x00000000   Code   RO          694    .ARM.Collect$$rtexit$$00000002  c_p.l(rtexit2.o)
    0x00000158   0x00000004   Code   RO          695    .ARM.Collect$$rtexit$$00000003  c_p.l(rtexit2.o)
    0x0000015c   0x00000006   Code   RO          696    .ARM.Collect$$rtexit$$00000004  c_p.l(rtexit2.o)
    0x00000162   0x00000002   PAD
    0x00000164   0x00000038   Code   RO          585    .emb_text           c_p.l(rt_memcpy.o)
    0x0000019c   0x000000a8   Code   RO            3    .text               main.o
    0x00000244   0x00000154   Code   RO          129    .text               init.o
    0x00000398   0x00000008   Code   RO          175    .text               conf.o
    0x000003a0   0x00000040   Code   RO          551    .text               startup_skeaz1284.o
    0x000003e0   0x00000006   Code   RO          593    .text               c_p.l(heapauxi.o)
    0x000003e6   0x00000010   Code   RO          622    .text               c_p.l(exit.o)
    0x000003f6   0x00000002   PAD
    0x000003f8   0x00000008   Code   RO          634    .text               c_p.l(libspace.o)
    0x00000400   0x00000010   Code   RO          550    .ARM.__at_0x400     startup_skeaz1284.o
    0x00000410   0x000000b8   Code   RO          152    .text               isr.o
    0x000004c8   0x00000088   Code   RO          195    .text               acmp.o
    0x00000550   0x00000118   Code   RO          221    .text               adc.o
    0x00000668   0x00000574   Code   RO          281    .text               ftm.o
    0x00000bdc   0x00000224   Code   RO          309    .text               gpio.o
    0x00000e00   0x0000032c   Code   RO          362    .text               ics.o
    0x0000112c   0x000001b0   Code   RO          388    .text               irq.o
    0x000012dc   0x00000094   Code   RO          408    .text               pit.o
    0x00001370   0x00000118   Code   RO          559    .text               system_skeaz1284.o
    0x00001488   0x00000082   Code   RO          586    .text               c_p.l(rt_memcpy.o)
    0x0000150a   0x0000015a   Code   RO          589    .text               c_p.l(aeabi_sdiv.o)
    0x00001664   0x0000003e   Code   RO          619    .text               c_p.l(sys_stackheap_outer.o)
    0x000016a2   0x00000002   PAD
    0x000016a4   0x0000000c   Code   RO          691    .text               c_p.l(sys_exit.o)
    0x000016b0   0x00000002   Code   RO          710    .text               c_p.l(use_no_semi.o)
    0x000016b2   0x00000000   Code   RO          712    .text               c_p.l(indicate_semi.o)
    0x000016b2   0x0000001c   Code   RO          299    i.__ARM_common_switch8  ftm.o
    0x000016ce   0x00000002   PAD
    0x000016d0   0x00000020   Data   RO          762    Region$$Table       anon$$obj.o


    Execution Region RW_IRAM1 (Base: 0x1ffff000, Size: 0x000001a8, Max: 0x00004000, ABSOLUTE)

    Base Addr    Size         Type   Attr      Idx    E Section Name        Object

    0x1ffff000   0x0000000c   Data   RW            4    .data               main.o
    0x1ffff00c   0x00000008   Data   RW          196    .data               acmp.o
    0x1ffff014   0x00000004   Data   RW          222    .data               adc.o
    0x1ffff018   0x0000000c   Data   RW          282    .data               ftm.o
    0x1ffff024   0x0000000c   Data   RW          310    .data               gpio.o
    0x1ffff030   0x00000013   Data   RW          363    .data               ics.o
    0x1ffff043   0x00000001   PAD
    0x1ffff044   0x00000004   Data   RW          560    .data               system_skeaz1284.o
    0x1ffff048   0x00000060   Zero   RW          635    .bss                c_p.l(libspace.o)
    0x1ffff0a8   0x00000000   Zero   RW          548    HEAP                startup_skeaz1284.o
    0x1ffff0a8   0x00000100   Zero   RW          547    STACK               startup_skeaz1284.o


==============================================================================

Image component sizes


      Code (inc. data)   RO Data    RW Data    ZI Data      Debug   Object Name

       136         24          0          8          0       1375   acmp.o
       280         24          0          4          0       2374   adc.o
         8          0          0          0          0        548   conf.o
      1424         52          0         12          0       4171   ftm.o
       548         20          0         12          0       3113   gpio.o
       812         46          0         19          0       1841   ics.o
       340         20          0          0          0       7753   init.o
       432         36          0          0          0        706   irq.o
       184         14          0          0          0       7739   isr.o
       168         20          0         12          0     110900   main.o
       148         34          0          0          0        527   pit.o
        80         44        192          0        256        896   startup_skeaz1284.o
       280         30          0          4          0       1089   system_skeaz1284.o

    ----------------------------------------------------------------------
      4842        364        224         72        256     143032   Object Totals
         0          0         32          0          0          0   (incl. Generated)
         2          0          0          1          0          0   (incl. Padding)

    ----------------------------------------------------------------------

      Code (inc. data)   RO Data    RW Data    ZI Data      Debug   Library Member Name

         8          0          0          0          0         68   __main.o
         0          0          0          0          0          0   __rtentry.o
        12          0          0          0          0          0   __rtentry2.o
         6          0          0          0          0          0   __rtentry4.o
        60          8          0          0          0          0   __scatter.o
        26          0          0          0          0          0   __scatter_copy.o
        28          0          0          0          0          0   __scatter_zi.o
       346          0          0          0          0         92   aeabi_sdiv.o
        16          0          0          0          0         68   exit.o
         6          0          0          0          0        136   heapauxi.o
         0          0          0          0          0          0   indicate_semi.o
         2          0          0          0          0          0   libinit.o
         2          0          0          0          0          0   libinit2.o
         2          0          0          0          0          0   libshutdown.o
         2          0          0          0          0          0   libshutdown2.o
         8          4          0          0         96         68   libspace.o
       186          0          0          0          0        144   rt_memcpy.o
         2          0          0          0          0          0   rtexit.o
        10          0          0          0          0          0   rtexit2.o
        12          4          0          0          0         60   sys_exit.o
        62          0          0          0          0         80   sys_stackheap_outer.o
         2          0          0          0          0         68   use_no_semi.o

    ----------------------------------------------------------------------
       806         16          0          0         96        784   Library Totals
         8          0          0          0          0          0   (incl. Padding)

    ----------------------------------------------------------------------

      Code (inc. data)   RO Data    RW Data    ZI Data      Debug   Library Name

       798         16          0          0         96        784   c_p.l

    ----------------------------------------------------------------------
       806         16          0          0         96        784   Library Totals

    ----------------------------------------------------------------------

==============================================================================


      Code (inc. data)   RO Data    RW Data    ZI Data      Debug   

      5648        380        224         72        352     142960   Grand Totals
      5648        380        224         72        352     142960   ELF Image Totals
      5648        380        224         72          0          0   ROM Totals

==============================================================================

    Total RO  Size (Code + RO Data)                 5872 (   5.73kB)
    Total RW  Size (RW Data + ZI Data)               424 (   0.41kB)
    Total ROM Size (Code + RO Data + RW Data)       5944 (   5.80kB)

==============================================================================

